c3e00000 T _start
c3e00020 t _undefined_instruction
c3e00024 t _software_interrupt
c3e00028 t _prefetch_abort
c3e0002c t _data_abort
c3e00030 t _not_used
c3e00034 t _irq
c3e00038 t _fiq
c3e0003c t _pad
c3e00040 T _TEXT_BASE
c3e00040 T _end_vect
c3e00044 T _bss_start_ofs
c3e00048 T _bss_end_ofs
c3e0004c T IRQ_STACK_START_IN
c3e00050 t reset
c3e00064 t call_board_init_f
c3e00074 T relocate_code
c3e00080 t stack_setup
c3e000a0 t copy_loop
c3e000d0 t fixloop
c3e000f4 t fixabs
c3e00108 t fixrel
c3e00110 t fixnext
c3e00120 t clear_bss
c3e0013c t clbss_l
c3e0014c t jump_2_ram
c3e00164 t _board_init_r_ofs
c3e00168 t _rel_dyn_start_ofs
c3e0016c t _rel_dyn_end_ofs
c3e00170 t _dynsym_start_ofs
c3e00174 t cpu_init_crit
c3e001c0 t undefined_instruction
c3e00220 t software_interrupt
c3e00280 t prefetch_abort
c3e002e0 t data_abort
c3e00340 t not_used
c3e003a0 t irq
c3e00400 t fiq
c3e00460 t _TEXT_BASE
c3e00464 T cache_init
c3e00468 T lowlevel_init
c3e00508 t v310_1
c3e00518 t after_copy
c3e00568 t _board_init_f
c3e0056c t _second_boot_info
c3e00570 t wakeup_reset
c3e005c8 t skip_dmc
c3e005e4 t wake_v310
c3e005f0 t exit_wakeup
c3e00604 t read_om
c3e0064c t mem_ctrl_asm_init
c3e00674 T uart_asm_init
c3e006e0 t load_uboot
c3e00720 t nand_boot
c3e0072c t onenand_boot
c3e00734 t mmcsd_boot
c3e00750 t emmc_boot
c3e00758 t emmc_boot_4_4
c3e00790 t nor_boot
c3e00794 t check_om_setting
c3e00798 t onenandcon_init
c3e00798 t wait_orwb
c3e007d0 t tzpc_init
c3e00860 t mmc_ch4_devider_change
c3e00884 T nand_asm_init
c3e00918 t enable_mmu
c3e00938 t mmu_on
c3e00958 T theLastJump
c3e00974 t phy_last_jump
c3e00a5c T mem_ctrl_asm_init_r0
c3e00dac T mem_ctrl_asm_init_r1
c3e0104c T mem_ctrl_asm_init_r2
c3e012d8 T system_clock_init
c3e01414 t skip_mpll
c3e01544 T board_get_hwrev
c3e01554 T board_init
c3e0165c T dram_init
c3e01664 T dram_init_banksize
c3e0176c T board_eth_init
c3e01774 T checkboard
c3e01794 T board_late_init
c3e0179c T board_mmc_init
c3e017dc T virt_to_phy_s5pv310
c3e017ec T Delay
c3e017f0 T IIC0_SCLH_SDAH
c3e01810 T IIC0_SCLH_SDAL
c3e01830 T IIC0_SCLL_SDAH
c3e01850 T IIC0_SCLL_SDAL
c3e01870 T IIC1_SCLH_SDAH
c3e01890 T IIC1_SCLH_SDAL
c3e018b0 T IIC1_SCLL_SDAH
c3e018d0 T IIC1_SCLL_SDAL
c3e018f0 T IIC3_SCLH_SDAH
c3e01910 T IIC3_SCLH_SDAL
c3e01930 T IIC3_SCLL_SDAH
c3e01950 T IIC3_SCLL_SDAL
c3e01970 T IIC0_ELow
c3e01988 T IIC0_EHigh
c3e019a0 T IIC1_ELow
c3e019b8 T IIC1_EHigh
c3e019d0 T IIC3_ELow
c3e019e8 T IIC3_EHigh
c3e01a00 T IIC0_EStart
c3e01a14 T IIC0_EEnd
c3e01a28 T IIC0_EAck_write
c3e01a80 T IIC0_EAck_read
c3e01ae0 T IIC1_EStart
c3e01af4 T IIC1_EEnd
c3e01b08 T IIC1_EAck
c3e01b60 T IIC3_EStart
c3e01b74 T IIC3_EEnd
c3e01b88 T IIC3_EAck
c3e01be0 T IIC0_ESetport
c3e01c2c T IIC1_ESetport
c3e01c78 T IIC3_ESetport
c3e01cc4 T IIC0_EWrite
c3e01d5c T IIC0_ERead
c3e01e74 T IIC1_EWrite
c3e01f0c T IIC3_EWrite
c3e01fa4 T movi_uboot_copy
c3e01fcc T usb_device_copy
c3e01fe4 T emmc_uboot_copy
c3e02008 T emmc_4_4_uboot_copy
c3e0202c T emmc_4_4_endbootOp_eMMC
c3e02044 T movi_write_env
c3e02060 T movi_read_env
c3e0207c T movi_write_bl1
c3e020cc T copy_uboot_to_ram
c3e0219c T onenand_readw
c3e021a4 T onenand_writew
c3e021ac T onenand_loadpage
c3e021e4 T onenand_isbad
c3e0220c T onenand_readpage
c3e02244 T onenand_bl2_copy
c3e022a0 T reset_cpu
c3e022d4 t GPIO_SetFunctionEach.clone.0
c3e02304 T GPIO_Init
c3e02318 T GPIO_SetFunctionEach
c3e02348 T GPIO_SetFunctionAll
c3e02360 T GPIO_SetDataEach
c3e02390 T GPIO_SetDataAll
c3e023ac T GPIO_GetDataEach
c3e023d0 T GPIO_GetDataAll
c3e023ec T GPIO_SetPullUpDownEach
c3e02420 T GPIO_SetPullUpDownAll
c3e0243c T ETC_SetPullUpDownEach
c3e0246c T ETC_SetPullUpDownAll
c3e02484 T GPIO_SetDSEach
c3e024b8 T GPIO_SetDSAll
c3e024e4 T GPIO_SetConRegPDNAll
c3e02500 T GPIO_SetPullUDPDNAll
c3e0251c T GPIO_SetEint1
c3e02618 T GPIO_EINT1ClrPend
c3e0263c T GPIO_EINT1UnMask
c3e02664 T GPIO_EINT1Mask
c3e02694 T GPIO_SetEint2
c3e0279c T GPIO_EINT2ClrPend
c3e027c0 T GPIO_EINT2UnMask
c3e027e8 T GPIO_EINT2Mask
c3e02818 T GPIO_SetEint3
c3e02920 T GPIO_EINT3ClrPend
c3e02944 T GPIO_EINT3UnMask
c3e0296c T GPIO_EINT3Mask
c3e0299c T GPIO_SetEint4
c3e02a84 T GPIO_EINT4ClrPend
c3e02aa8 T GPIO_EINT4UnMask
c3e02ad0 T GPIO_EINT4Mask
c3e02b00 T GPIO_SetEint5
c3e02be8 T GPIO_EINT5ClrPend
c3e02c0c T GPIO_EINT5UnMask
c3e02c34 T GPIO_EINT5Mask
c3e02c64 T GPIO_SetEint6
c3e02d20 T GPIO_EINT6ClrPend
c3e02d44 T GPIO_EINT6UnMask
c3e02d6c T GPIO_EINT6Mask
c3e02d9c T GPIO_SetEint7
c3e02e58 T GPIO_EINT7ClrPend
c3e02e7c T GPIO_EINT7UnMask
c3e02ea4 T GPIO_EINT7Mask
c3e02ed4 T GPIO_SetEint8
c3e02fbc T GPIO_EINT8ClrPend
c3e02fe0 T GPIO_EINT8UnMask
c3e03008 T GPIO_EINT8Mask
c3e03038 T GPIO_SetEint9
c3e03140 T GPIO_EINT9ClrPend
c3e03164 T GPIO_EINT9UnMask
c3e0318c T GPIO_EINT9Mask
c3e031bc T GPIO_SetEint10
c3e032c4 T GPIO_EINT10ClrPend
c3e032e8 T GPIO_EINT10UnMask
c3e03310 T GPIO_EINT10Mask
c3e03340 T GPIO_SetEint11
c3e03448 T GPIO_EINT11ClrPend
c3e0346c T GPIO_EINT11UnMask
c3e03494 T GPIO_EINT11Mask
c3e034c4 T GPIO_SetEint12
c3e035cc T GPIO_EINT12ClrPend
c3e035f0 T GPIO_EINT12UnMask
c3e03618 T GPIO_EINT12Mask
c3e03648 T GPIO_SetEint13
c3e03750 T GPIO_EINT13ClrPend
c3e03774 T GPIO_EINT13UnMask
c3e0379c T GPIO_EINT13Mask
c3e037cc T GPIO_SetEint14
c3e038d4 T GPIO_EINT14ClrPend
c3e038f8 T GPIO_EINT14UnMask
c3e03920 T GPIO_EINT14Mask
c3e03950 T GPIO_SetEint15
c3e03a58 T GPIO_EINT15ClrPend
c3e03a7c T GPIO_EINT15UnMask
c3e03aa4 T GPIO_EINT15Mask
c3e03ad4 T GPIO_SetEint16
c3e03bdc T GPIO_EINT16ClrPend
c3e03c00 T GPIO_EINT16UnMask
c3e03c28 T GPIO_EINT16Mask
c3e03c58 T GPIO_SetEint21
c3e03d44 T GPIO_EINT21ClrPend
c3e03d60 T GPIO_EINT21UnMask
c3e03d80 T GPIO_EINT21Mask
c3e03da8 T GPIO_SetEint22
c3e03e74 T GPIO_EINT22ClrPend
c3e03e90 T GPIO_EINT22UnMask
c3e03eb0 T GPIO_EINT22Mask
c3e03ed8 T GPIO_SetEint23
c3e03fc4 T GPIO_EINT23ClrPend
c3e03fe0 T GPIO_EINT23UnMask
c3e04000 T GPIO_EINT23Mask
c3e04028 T GPIO_SetEint24
c3e04114 T GPIO_EINT24ClrPend
c3e04130 T GPIO_EINT24UnMask
c3e04150 T GPIO_EINT24Mask
c3e04178 T GPIO_SetEint25
c3e04264 T GPIO_EINT25ClrPend
c3e04280 T GPIO_EINT25UnMask
c3e042a0 T GPIO_EINT25Mask
c3e042c8 T GPIO_SetEint26
c3e043b4 T GPIO_EINT26ClrPend
c3e043d0 T GPIO_EINT26UnMask
c3e043f0 T GPIO_EINT26Mask
c3e04418 T GPIO_SetEint27
c3e04504 T GPIO_EINT27ClrPend
c3e04520 T GPIO_EINT27UnMask
c3e04540 T GPIO_EINT27Mask
c3e04568 T GPIO_SetEint28
c3e04610 T GPIO_EINT28ClrPend
c3e0462c T GPIO_EINT28UnMask
c3e0464c T GPIO_EINT28Mask
c3e04674 T GPIO_SetEint29
c3e04760 T GPIO_EINT29ClrPend
c3e0477c T GPIO_EINT29UnMask
c3e0479c T GPIO_EINT29Mask
c3e047c4 T GPIO_SetEint40
c3e048b0 T GPIO_EINT40ClrPend
c3e048cc T GPIO_EINT40UnMask
c3e048ec T GPIO_EINT40Mask
c3e04914 T GPIO_SetEint41
c3e04a00 T GPIO_EINT41ClrPend
c3e04a1c T GPIO_EINT41UnMask
c3e04a3c T GPIO_EINT41Mask
c3e04a64 T GPIO_SetEint42
c3e04b50 T GPIO_EINT42ClrPend
c3e04b6c T GPIO_EINT42UnMask
c3e04b8c T GPIO_EINT42Mask
c3e04bb4 T GPIO_SetEint43
c3e04ca0 T GPIO_EINT43ClrPend
c3e04cbc T GPIO_EINT43UnMask
c3e04cdc T GPIO_EINT43Mask
c3e04d04 T EINT_GRPPRI_XA
c3e04d2c T EINT_GRPPRI_XB
c3e04d4c T EINT_PRIORITY_XA
c3e04d80 T EINT_PRIORITY_XB
c3e04dac T Get_EINTSVC_XA
c3e04dc8 T Get_EINTSVC_XB
c3e04ddc T Get_EINTSVCPEND_XA
c3e04df8 T Get_EINTSVCPEND_XB
c3e04e0c T EINT_GRPFIXPRI_XA
c3e04e34 T EINT_GRPFIXPRI_XB
c3e04e54 T EINT_FIXPRI_XA
c3e04e98 T EINT_FIXPRI_XB
c3e04edc T init_raw_area_table
c3e050c8 T get_device_type
c3e050d8 T print_cpuinfo
c3e05148 t get_PLLCLK
c3e0519c T s5p_clock_init
c3e051a0 T get_APLL_CLK
c3e051a8 T get_MPLL_CLK
c3e051b0 T clear_hsmmc_clock_div
c3e051d4 T set_hsmmc_pre_ratio
c3e0523c T setup_hsmmc_clock
c3e0531c T setup_hsmmc_cfg_gpio
c3e053a4 T setup_sdhci0_cfg_card
c3e0544c T cleanup_before_linux
c3e05474 T sdelay
c3e05480 T sr32
c3e054a0 T wait_on_value
c3e054d4 T timer_init
c3e05544 T set_timer
c3e0555c T reset_timer_masked
c3e05584 T reset_timer
c3e05588 T get_timer_masked
c3e055d0 T get_timer
c3e055e4 T __udelay
c3e05680 T get_ticks
c3e05690 T get_tbclk
c3e05698 t display_banner
c3e056b8 T __coloured_LED_init
c3e056b8 W coloured_LED_init
c3e056bc T __red_LED_on
c3e056bc W red_LED_on
c3e056c0 T __red_LED_off
c3e056c0 W red_LED_off
c3e056c4 T __green_LED_on
c3e056c4 W green_LED_on
c3e056c8 T __green_LED_off
c3e056c8 W green_LED_off
c3e056cc T __yellow_LED_on
c3e056cc W yellow_LED_on
c3e056d0 T __yellow_LED_off
c3e056d0 W yellow_LED_off
c3e056d4 T __blue_LED_on
c3e056d4 W blue_LED_on
c3e056d8 T __blue_LED_off
c3e056d8 W blue_LED_off
c3e056dc T __dram_init_banksize
c3e056f8 T board_init_r
c3e057e0 T hang
c3e057f4 T board_init_f
c3e05930 T arch_lmb_reserve
c3e05954 T do_bootm_linux
c3e05b94 T flush_cache
c3e05b98 t cp_delay
c3e05bc8 t cache_enable
c3e05c90 t cache_disable
c3e05cd0 T icache_enable
c3e05cd8 T icache_disable
c3e05ce0 T icache_status
c3e05cec T dcache_enable
c3e05cf4 T dcache_disable
c3e05cfc T dcache_status
c3e05d08 T interrupt_init
c3e05d24 T enable_interrupts
c3e05d28 T disable_interrupts
c3e05d30 T bad_mode
c3e05d4c T show_regs
c3e05e8c T do_undefined_instruction
c3e05eb0 T do_software_interrupt
c3e05ed4 T do_prefetch_abort
c3e05ef8 T do_data_abort
c3e05f1c T do_not_used
c3e05f40 T do_fiq
c3e05f64 T do_irq
c3e05f88 T do_reset
c3e05fb4 T do_bdinfo
c3e06130 W do_go_exec
c3e06148 T do_go
c3e061b8 t __fswab32
c3e061c0 T do_bootd
c3e061e4 t do_bootm_ose
c3e0621c t do_bootm_rtems
c3e06258 t do_bootm_qnxelf
c3e062bc t do_bootm_vxworks
c3e06320 t do_bootm_netbsd
c3e06458 t image_check_magic.clone.8
c3e06478 t image_info
c3e06540 T do_iminfo
c3e065a0 t image_get_size.clone.9
c3e065a4 t image_get_ep.clone.13
c3e065a8 t bootm_load_os.clone.16
c3e066ec t bootm_start.clone.15
c3e06a6c T __arch_preboot_os
c3e06a6c W arch_preboot_os
c3e06a70 T do_bootm_subcommand
c3e06cbc T do_bootm
c3e06fec t on_off
c3e0702c T do_dcache
c3e070a0 T do_icache
c3e07114 T do_coninfo
c3e071cc T do_echo
c3e0724c t load_elf_image_shdr
c3e072dc W do_bootelf_exec
c3e07320 T valid_elf_image
c3e0736c T do_bootvx
c3e07604 T do_bootelf
c3e07758 T do_exit
c3e07788 T do_ext2load
c3e07aa4 T do_ext2ls
c3e07bcc T ext_format
c3e07cd0 T do_ext3_format
c3e07ce0 T do_ext2_format
c3e07cf0 t reset_handler
c3e07d0c t memparse
c3e07d74 t write_to_ptn_sdmmc
c3e082b0 t parse_env.clone.1.clone.3
c3e084c4 T LCD_turnon
c3e084c8 T LCD_setfgcolor
c3e084cc T LCD_setleftcolor
c3e084d0 T LCD_setprogress
c3e084d4 T fastboot_flash_add_ptn
c3e08510 T fastboot_flash_dump_ptn
c3e0867c T fastboot_flash_find_ptn
c3e086f0 t rx_handler
c3e09164 T fastboot_flash_get_ptn
c3e09188 t set_partition_table
c3e09658 T do_fastboot
c3e09ca0 T fastboot_flash_get_ptn_count
c3e09cb0 T do_fat_format
c3e09d98 T do_fat_fsinfo
c3e09e98 T do_fat_ls
c3e09fa0 T do_fat_fsload
c3e0a13c T do_help
c3e0a184 t evalstr
c3e0a1a0 t evalexp
c3e0a210 T binary_test
c3e0a3f0 T do_itest
c3e0a488 t bin_data_init
c3e0a4a4 t bin_data_char
c3e0a4c4 t load_serial_ymodem
c3e0a5bc t getcxmodem
c3e0a5dc t load_serial
c3e0a7f0 T do_load_serial
c3e0a8cc T send_pad
c3e0a8f8 T ktrans
c3e0a918 T chk1
c3e0a940 T s1_sendpacket
c3e0a964 T send_ack
c3e0a9c4 T send_nack
c3e0aa24 T k_data_init
c3e0aa44 T k_data_save
c3e0aa68 T k_data_restore
c3e0aa8c T k_data_char
c3e0aadc T handle_send_packet
c3e0aca0 T do_load_serial_bin
c3e0b0f8 T do_mem_crc
c3e0b19c T do_mem_base
c3e0b1e0 T do_mem_mtest
c3e0b384 T do_mem_loop
c3e0b47c T do_mem_cp
c3e0b554 T do_mem_cmp
c3e0b6e4 T do_mem_mw
c3e0b7a0 t mod_mem
c3e0b8ec T do_mem_nm
c3e0b910 T do_mem_mm
c3e0b934 T do_mem_md
c3e0ba0c T do_sleep
c3e0ba8c T do_mmcinfo
c3e0bc60 T do_mmcops
c3e0c070 T do_emmc
c3e0c160 T calc_unit
c3e0c1b4 T encode_chs
c3e0c1d0 T encode_partitionInfo
c3e0c240 T decode_partitionInfo
c3e0c280 T get_SDInfo
c3e0c370 T make_partitionInfo
c3e0c51c T make_mmc_partition
c3e0c920 T get_mmc_block_count
c3e0c964 T get_mmc_mbr
c3e0c9c4 T put_mmc_mbr
c3e0ca58 T get_mmc_part_info
c3e0cafc T print_mmc_part_info
c3e0cc90 T create_mmc_fdisk
c3e0cd28 T do_fdisk
c3e0cdc0 T do_movi
c3e0d1fc t mtd_part_info
c3e0d290 t index_partitions
c3e0d34c t memsize_format
c3e0d3a0 t current_save
c3e0d450 t part_sort_add
c3e0d57c t part_delall
c3e0d5c0 t device_del
c3e0d630 t memsize_parse
c3e0d698 t get_mtd_info
c3e0d718 t part_validate_eraseblock
c3e0d8d8 t device_delall.clone.2
c3e0d93c t mtd_devices_init
c3e0d960 t generate_mtdparts_save.clone.1
c3e0dc24 T mtd_device_validate
c3e0dc54 T device_find
c3e0dca0 t device_parse
c3e0e204 T mtd_id_parse
c3e0e314 T find_dev_and_part
c3e0e4cc T mtdparts_init
c3e0eac0 T do_mtdparts
c3e0f0ec T do_chpart
c3e0f1b4 T do_ping
c3e0f238 t netboot_common
c3e0f544 T do_nfs
c3e0f550 T do_tftpb
c3e0f55c T do_bootp
c3e0f568 t do_env
c3e0f5c8 t do_env_delete
c3e0f5e0 t do_env_import
c3e0f81c t do_env_default
c3e0f864 T do_env_save
c3e0f890 t env_print
c3e0f90c T do_env_print
c3e0f98c T get_env_id
c3e0f99c T _do_env_set
c3e0fd30 T do_env_set
c3e0fd4c T setenv
c3e0fd9c t do_env_export
c3e0ffa4 T envmatch
c3e10008 T getenv_f
c3e100c0 T getenv
c3e1010c T do_env_edit
c3e10174 T do_reginfo
c3e1017c t __fswab32
c3e10184 T source
c3e102a8 T do_source
c3e102f0 T do_false
c3e102f8 T do_true
c3e10300 T do_test
c3e10770 T usb_get_class_desc
c3e1081c T usb_display_class_sub
c3e10990 T usb_display_string
c3e109d0 T usb_display_desc
c3e10af8 T usb_display_conf_desc
c3e10ba4 T usb_display_if_desc
c3e10c2c T usb_display_ep_desc
c3e10ce8 T usb_display_config
c3e10d74 T usb_show_tree_graph
c3e10f94 T usb_show_tree
c3e10fc8 T do_usb
c3e111a0 T do_usbd_dnw
c3e112ac T do_version
c3e112cc T do_imgextract
c3e11590 T find_cmd_tbl
c3e1162c T find_cmd
c3e11658 T cmd_usage
c3e116b4 T _do_help
c3e1183c T cmd_get_data_size
c3e1188c t console_setfile
c3e11930 T serial_printf
c3e11974 T fgetc
c3e119a0 T ftstc
c3e119cc T fputc
c3e119f4 T fputs
c3e11a1c T fprintf
c3e11a68 T getc
c3e11a80 T tstc
c3e11a98 T putc
c3e11ab4 T puts
c3e11ad0 T printf
c3e11b14 T vprintf
c3e11b4c T ctrlc
c3e11b98 T disable_ctrlc
c3e11bb0 T had_ctrlc
c3e11bc0 T clear_ctrlc
c3e11bd4 T dbg
c3e11be0 T search_device
c3e11c08 T console_assign
c3e11c48 T console_init_f
c3e11c58 T stdio_print_current_devices
c3e11d10 T console_init_r
c3e11df0 T check_compress_ext4
c3e11edc T write_compressed_ext4
c3e11fb0 T sbrk
c3e1200c T mem_malloc_init
c3e1202c T malloc_trim
c3e120fc T free
c3e1231c T cfree
c3e12320 T malloc
c3e128d4 T calloc
c3e129b4 T memalign
c3e12ac4 T pvalloc
c3e12adc T valloc
c3e12ae8 T realloc
c3e12f38 T malloc_usable_size
c3e12f78 T mallopt
c3e12fec t use_default
c3e1307c T env_get_char_spec
c3e13088 T env_init
c3e130a4 T saveenv_movinand
c3e13128 T saveenv
c3e1317c T env_relocate_spec_movinand
c3e131d0 T env_relocate_spec
c3e1322c T env_get_addr
c3e13250 T env_get_char_memory
c3e13260 T env_get_char
c3e13290 T set_default_env
c3e13328 T env_import
c3e133ec T env_relocate
c3e1341c t dummy
c3e13420 T get_version
c3e13428 T jumptable_init
c3e135a8 t static_get
c3e135c4 t static_peek
c3e135d0 t file_peek
c3e135dc t is_assignment
c3e13630 t syntax_err
c3e1363c T do_showvar
c3e1372c t xmalloc
c3e1374c t file_get
c3e138f4 t free_pipe_list
c3e139d0 t xrealloc
c3e139f0 t done_command
c3e13a78 t b_addchr
c3e13af0 t b_addqchr
c3e13b3c t insert_var_value
c3e13ce4 T simple_itoa
c3e13d3c T set_local_var
c3e13ef4 T unset_local_var
c3e13f94 T new_pipe
c3e13fbc t done_pipe
c3e14004 T reserved_word
c3e141b4 t done_word
c3e1432c T mapset
c3e14350 T update_ifs_map
c3e143c0 T parse_string_outer
c3e144b0 t run_list_real
c3e14c98 t parse_stream_outer
c3e152b8 T parse_file_outer
c3e152fc T u_boot_hush_start
c3e15350 t __fswab32
c3e15358 t image_check_magic.clone.8
c3e15378 t image_get_data_size.clone.10
c3e1537c T image_check_hcrc
c3e153cc T image_check_dcrc
c3e1540c T image_multi_count
c3e1542c T image_multi_getimg
c3e154b0 T getenv_yesno
c3e154d8 T getenv_bootm_low
c3e15508 T getenv_bootm_size
c3e15564 T memmove_wd
c3e15570 T genimg_print_size
c3e155a0 T get_table_entry_name
c3e155cc T genimg_get_os_name
c3e155e4 T genimg_get_arch_name
c3e155fc T genimg_get_type_name
c3e15614 T genimg_get_comp_name
c3e1562c T image_print_contents
c3e157a4 T get_table_entry_id
c3e157f0 T genimg_get_os_id
c3e15808 T genimg_get_arch_id
c3e15820 T genimg_get_type_id
c3e15838 T genimg_get_comp_id
c3e15850 T genimg_get_format
c3e15868 T genimg_get_image
c3e1586c T genimg_has_config
c3e15874 T boot_get_ramdisk
c3e15aa4 T boot_ramdisk_high
c3e15bd0 t delete_char
c3e15ca8 t cread_add_char
c3e15d94 T __show_boot_progress
c3e15d94 W show_boot_progress
c3e15d98 T main_loop
c3e15e98 T readline_into_buffer
c3e166ec T readline
c3e16708 T parse_line
c3e16798 T run_command
c3e16b2c T do_run
c3e16ba0 T get_ram_size
c3e16c98 t hex1_bin
c3e16cd8 t hex2_bin
c3e16d0c T srec_decode
c3e16f7c T __default_serial_console
c3e16f7c W default_serial_console
c3e16f88 T serial_register
c3e16fa4 T serial_stdio_init
c3e17034 T serial_assign
c3e17080 T serial_initialize
c3e170d0 T serial_reinit_all
c3e170fc T serial_init
c3e1713c T serial_setbrg
c3e17174 T serial_getc
c3e171b4 T serial_tstc
c3e171f4 T serial_putc
c3e17234 T serial_puts
c3e17274 T stdio_get_list
c3e17280 T stdio_get_by_name
c3e172d4 T stdio_clone
c3e1731c T stdio_register
c3e17360 T stdio_init
c3e173f0 t usb_set_maxpacket_ep.clone.0
c3e1742c T wait_ms
c3e17450 T usb_stop
c3e1747c T usb_disable_asynch
c3e17494 T usb_submit_int_msg
c3e17498 T usb_control_msg
c3e17550 T usb_bulk_msg
c3e175b8 T usb_maxpacket
c3e175dc T usb_set_maxpacket
c3e17664 T usb_parse_config
c3e177ac T usb_clear_halt
c3e17858 T usb_get_descriptor
c3e178b4 T usb_get_configuration_no
c3e17950 T usb_set_address
c3e17990 T usb_set_interface
c3e17a4c T usb_set_configuration
c3e17aac T usb_set_protocol
c3e17b00 T usb_set_idle
c3e17b5c T usb_get_report
c3e17bbc T usb_get_class_descriptor
c3e17c1c T usb_get_string
c3e17c90 t usb_string_sub
c3e17d8c T usb_string
c3e17e8c T usb_get_dev_index
c3e17eb8 T usb_alloc_new_device
c3e17f3c T usb_get_hub_descriptor
c3e17f94 T usb_clear_hub_feature
c3e17fe4 T usb_clear_port_feature
c3e18038 T usb_set_port_feature
c3e1808c t usb_hub_power_on
c3e180d0 T usb_get_hub_status
c3e18120 T usb_get_port_status
c3e18178 t hub_port_reset
c3e18218 T usb_hub_reset
c3e1822c T usb_hub_allocate
c3e18274 T usb_hub_probe
c3e182d0 T usb_new_device
c3e18570 T usb_hub_port_connect_change
c3e18658 T usb_hub_configure
c3e1885c T usb_scan_devices
c3e188d4 T usb_init
c3e18950 T CYGACC_COMM_IF_GETC_TIMEOUT
c3e189a4 t xyzModem_flush
c3e189d0 t xyzModem_get_hdr
c3e18c44 T CYGACC_COMM_IF_PUTC
c3e18c4c T parse_num
c3e18d78 T xyzModem_stream_open
c3e18ec0 T xyzModem_stream_read
c3e19110 T xyzModem_stream_close
c3e19160 T xyzModem_stream_terminate
c3e191f4 T xyzModem_error
c3e19214 T get_dev
c3e1926c T dev_print
c3e1947c T init_part
c3e19498 T get_partition_info
c3e194c0 T print_part
c3e195a8 t le32_to_int
c3e195cc t is_extended
c3e195f0 t get_partition_info_extended
c3e19820 t print_partition_extended
c3e19a04 T test_part_dos
c3e19a58 T print_part_dos
c3e19a84 T get_partition_info_dos
c3e19aa4 T gpio_cfg_pin
c3e19ac0 T gpio_direction_output
c3e19af8 T gpio_direction_input
c3e19b00 T gpio_set_value
c3e19b20 T gpio_get_value
c3e19b38 T gpio_set_pull
c3e19b5c T gpio_set_drv
c3e19b7c T gpio_set_rate
c3e19ba4 t __fswab32
c3e19bac t lldiv
c3e19be0 t feedback_delay.clone.1
c3e19d10 T __board_mmc_getcd
c3e19d10 W board_mmc_getcd
c3e19d18 T mmc_send_cmd
c3e19d28 T mmc_set_blocklen
c3e19d60 T find_mmc_device
c3e19da8 t mmc_bwrite
c3e19fd8 t mmc_bread
c3e1a1dc T mmc_read_block
c3e1a240 T mmc_read
c3e1a35c T movi_write
c3e1a360 T movi_read
c3e1a364 T mmc_go_idle
c3e1a3b8 T sd_send_op_cond
c3e1a4c8 T mmc_send_op_cond
c3e1a574 T mmc_send_ext_csd
c3e1a5c8 T mmc_switch
c3e1a608 T mmc_change_freq
c3e1a6dc T sd_switch
c3e1a74c T sd_change_freq
c3e1a920 T mmc_set_ios
c3e1a930 T mmc_set_clock
c3e1a95c T mmc_set_bus_width
c3e1a970 T mmc_startup
c3e1b030 T mmc_send_if_cond
c3e1b0ac T mmc_register
c3e1b110 T mmc_get_dev
c3e1b124 T mmc_init
c3e1b1a8 W cpu_mmc_init
c3e1b1a8 t __def_mmc_init
c3e1b1b0 T print_mmc_devices
c3e1b214 T mmc_initialize
c3e1b2bc T mmc_erase
c3e1b65c T emmc_boot_open
c3e1b6e0 T emmc_boot_close
c3e1b720 t sdhci_change_clock
c3e1b7b4 t s3c_hsmmc_set_ios
c3e1b80c t s3c_hsmmc_send_command
c3e1bacc t sdhci_reset.clone.2
c3e1bb28 t s3c_hsmmc_init
c3e1bb78 T smdk_s3c_hsmmc_init
c3e1bc18 t mshci_clock_onoff.clone.3
c3e1bce4 t mshci_change_clock
c3e1bdf8 t s5p_mshc_set_ios
c3e1bec8 t mshci_reset_fifo.clone.5
c3e1bf1c t s5c_mshc_init
c3e1c0bc t s5p_mshc_send_command
c3e1c46c T smdk_s5p_mshc_init
c3e1c52c T add_mtd_device
c3e1c59c T del_mtd_device
c3e1c5ec T get_mtd_device
c3e1c668 T get_mtd_device_nm
c3e1c6dc T put_mtd_device
c3e1c708 t s3c_read_cmd
c3e1c720 t s3c_write_cmd
c3e1c738 t s3c_mem_addr
c3e1c748 t s3c_onenand_reset
c3e1c794 t s3c_onenand_command
c3e1c9e8 t s3c_get_bufferram
c3e1ca34 t s3c_onenand_bbt_wait
c3e1ca8c t onenand_write_bufferram
c3e1cab4 t onenand_read_bufferram
c3e1cadc t s3c_onenand_wait
c3e1cb90 t s3c_onenand_writew
c3e1cc5c t s3c_onenand_readw
c3e1cdb0 t s3c_onenand_check_lock_status.clone.0
c3e1ce34 t s3c_onenand_unlock_all
c3e1cf3c T s3c_onenand_init
c3e1d058 T s5p_serial0_tstc
c3e1d06c T s5p_serial1_tstc
c3e1d080 T s5p_serial2_tstc
c3e1d094 T s5p_serial3_tstc
c3e1d0a8 T serial_setbrg_dev
c3e1d0fc T s5p_serial3_setbrg
c3e1d104 T s5p_serial2_setbrg
c3e1d10c T s5p_serial1_setbrg
c3e1d114 T s5p_serial0_setbrg
c3e1d11c T serial_init_dev
c3e1d15c T s5p_serial3_init
c3e1d164 T s5p_serial2_init
c3e1d16c T s5p_serial1_init
c3e1d174 T s5p_serial0_init
c3e1d17c T serial_getc_dev
c3e1d1b8 T s5p_serial3_getc
c3e1d1c0 T s5p_serial2_getc
c3e1d1c8 T s5p_serial1_getc
c3e1d1d0 T s5p_serial0_getc
c3e1d1d8 T serial_putc_dev
c3e1d220 T s5p_serial3_putc
c3e1d228 T s5p_serial2_putc
c3e1d230 T s5p_serial1_putc
c3e1d238 T s5p_serial0_putc
c3e1d240 T serial_tstc_dev
c3e1d254 T serial_puts_dev
c3e1d27c T s5p_serial3_puts
c3e1d284 T s5p_serial2_puts
c3e1d28c T s5p_serial1_puts
c3e1d294 T s5p_serial0_puts
c3e1d29c T fboot_usb_set_descriptors
c3e1d3f4 T fastboot_fifo_size
c3e1d410 T fastboot_getvar
c3e1d418 T s3c_usb_init_phy
c3e1d464 T s3c_usb_phy_off
c3e1d490 T s3c_usb_core_soft_reset
c3e1d4b0 T fastboot_shutdown
c3e1d4c0 T s3c_usb_wait_cable_insert
c3e1d510 T s3c_usb_init_core
c3e1d52c T s3c_usb_check_current_mode
c3e1d544 T s3c_usb_set_soft_disconnect
c3e1d55c T s3c_usb_clear_soft_disconnect
c3e1d574 T s3c_usb_init_device
c3e1d5a0 T s3c_usbctl_init
c3e1d62c T fboot_usbctl_init
c3e1d64c T fastboot_init
c3e1d724 T s3c_usbc_activate
c3e1d72c T s3c_usb_stop
c3e1d740 T s3c_usb_print_pkt
c3e1d78c T s3c_usb_verify_checksum
c3e1d82c T s3c_usb_set_inep_xfersize
c3e1d860 T s3c_usb_set_outep_xfersize
c3e1d894 T s3c_usb_write_ep0_fifo
c3e1d8e0 T s3c_usb_write_in_fifo
c3e1d92c T fboot_usb_int_bulkin
c3e1d9b8 T s3c_usb_read_out_fifo
c3e1da00 T fboot_usb_int_bulkout
c3e1da88 T s3c_usb_get_desc
c3e1dbac T s3c_usb_clear_feature
c3e1dc1c T s3c_usb_set_feature
c3e1dd78 T s3c_usb_get_status
c3e1ddf0 T s3c_usb_ep0_int_hndlr
c3e1df48 T s3c_usb_set_otherspeed_conf_desc
c3e1dfcc T s3c_usb_transfer_ep0
c3e1e4f8 T s3c_usb_int_bulkin
c3e1e5d8 T s3c_usb_upload_start
c3e1e738 T s3c_usb_download_start
c3e1e858 T s3c_usb_download_continue
c3e1e904 T s3c_usb_int_bulkout
c3e1e92c T s3c_usb_dma_in_done
c3e1e9cc T s3c_usb_dma_out_done
c3e1ea78 T s3c_usb_set_all_outep_nak
c3e1eaa0 T s3c_usb_clear_all_outep_nak
c3e1eac8 T s3c_usb_set_max_pktsize
c3e1eb00 T s3c_usb_set_endpoint
c3e1eb30 T s3c_usb_set_descriptors
c3e1ec84 T s3c_usb_check_speed
c3e1ec9c T s3c_usb_clear_dnfile_info
c3e1ecb8 T s3c_usb_clear_upfile_info
c3e1ecd4 T s3c_usb_check_setconf
c3e1ecec T s3c_usb_set_opmode
c3e1ed5c T s3c_usb_reset
c3e1edbc T s3c_usb_set_init
c3e1ee38 T s3c_usb_pkt_receive
c3e1eec0 T s3c_usb_transfer
c3e1efc4 T s3c_udc_int_hndlr
c3e1f080 T fboot_usb_int_hndlr
c3e1f084 T fastboot_poll
c3e1f0dc T fastboot_tx_status
c3e1f128 t td_alloc
c3e1f168 t urb_free_priv.clone.4
c3e1f1a4 t td_fill.clone.0.clone.5
c3e1f24c T sohci_submit_job
c3e1f768 T rh_check_port_status
c3e1f770 T submit_common_msg
c3e1f778 T submit_bulk_msg
c3e1f780 T submit_control_msg
c3e1f788 T submit_int_msg
c3e1f790 T usb_lowlevel_init
c3e1f798 T usb_lowlevel_stop
c3e1f7a0 t ext2fs_read_inode
c3e1f86c T ext2fs_free_node
c3e1f88c T ext2fs_read_file
c3e1fd3c t ext2fs_iterate_dir
c3e1ffb8 T ext2fs_find_file1
c3e20244 T ext2fs_find_file
c3e202bc T ext2fs_ls
c3e20330 T ext2fs_open
c3e203c4 T ext2fs_close
c3e20478 T ext2fs_read
c3e204a8 T ext2fs_mount
c3e20554 T get_random_val
c3e20570 T default_journal_size
c3e205b4 T ext2fs_format
c3e228dc T ext2fs_set_blk_dev
c3e22930 T ext2fs_devread
c3e22b0c t downcase
c3e22b34 t disk_read
c3e22b88 t setstr
c3e22bb0 t dirdelim
c3e22be4 t compare_sign
c3e22c14 t get_fatent
c3e22d70 t slot2str
c3e22e40 t mkcksum
c3e22e70 t read_bootsectandvi
c3e22f5c t get_cluster
c3e22ff4 t get_vfatname
c3e231b4 t get_name
c3e2326c T fat_register_device
c3e233a4 T fat_format_device
c3e239c4 T do_fat_read
c3e24388 T file_fat_detectfs
c3e244d4 T file_fat_ls
c3e244e4 T file_fat_read
c3e2451c T file_getfsname
c3e24534 T file_cd
c3e24724 T file_detectfs
c3e24764 T file_ls
c3e247ec T file_read
c3e24884 T cyg_crc16
c3e248c8 T crc32_no_comp
c3e249b0 T crc32
c3e249c4 T crc32_wd
c3e249c8 T display_options
c3e249e8 T print_size
c3e24ac8 T print_buffer
c3e24c30 T __div64_32
c3e24d34 T zfree
c3e24d3c T zalloc
c3e24d4c T zunzip
c3e24e34 T gunzip
c3e24ee0 t cmpkey
c3e24ef4 T hcreate_r
c3e24fa0 T hcreate
c3e24fac T hdestroy_r
c3e25020 T hdestroy
c3e2502c T hsearch_r
c3e252e4 T hsearch
c3e25314 T hdelete_r
c3e2539c T hdelete
c3e253a8 T hexport_r
c3e255c0 T hexport
c3e255e8 T himport_r
c3e2582c T himport
c3e2585c t lmb_add_region
c3e25a14 T lmb_dump_all
c3e25a18 T lmb_init
c3e25a40 T lmb_add
c3e25a44 T lmb_free
c3e25b6c T lmb_reserve
c3e25b74 T lmb_overlaps_region
c3e25bc8 T __lmb_alloc_base
c3e25cf8 T lmb_alloc_base
c3e25d2c T lmb_alloc
c3e25d34 T lmb_is_reserved
c3e25d94 T __board_lmb_reserve
c3e25d94 W board_lmb_reserve
c3e25d98 T __arch_lmb_reserve
c3e25d9c T ldiv
c3e25dec T string_to_ip
c3e25e54 T qsort
c3e25f40 T strcpy
c3e25f5c T strncpy
c3e25f84 T strcat
c3e25fb4 T strncat
c3e26004 T strcmp
c3e26034 T strncmp
c3e2607c T strchr
c3e260b0 T strlen
c3e260cc T strrchr
c3e26108 T strnlen
c3e26130 T strdup
c3e26164 T strspn
c3e261a4 T strpbrk
c3e261e0 T strtok
c3e2625c T strsep
c3e26290 T strswab
c3e262dc T memset
c3e26344 T bcopy
c3e2636c T memcpy
c3e263d8 T memmove
c3e26428 T memcmp
c3e26460 T memscan
c3e26488 T strstr
c3e264e8 T memchr
c3e2651c T strmhz
c3e26588 T udelay
c3e265b8 t pack_hex_byte
c3e265e0 t put_dec_trunc
c3e266a8 t string
c3e26738 t put_dec
c3e26854 t number
c3e26a60 T simple_strtoul
c3e26b0c T simple_strtol
c3e26b34 T ustrtoul
c3e26ba8 T simple_strtoull
c3e26c7c T vsprintf
c3e272b4 T sprintf
c3e272d8 T panic
c3e27324 T zcfree
c3e2732c T zcalloc
c3e27334 T inflate_fast
c3e27888 T inflate_table
c3e27df4 T inflateReset
c3e27e74 T inflateInit2_
c3e27f78 T inflateInit_
c3e27f8c T inflateEnd
c3e27ff8 T adler32
c3e282e0 T inflate
c3e29958 t __fswab32
c3e29960 t NetCopyIP
c3e29968 t BootpHandler
c3e29d24 t NetWriteIP.clone.0
c3e29d40 T BootpRequest
c3e29f38 t BootpTimeout
c3e29f7c t is_valid_ether_addr
c3e29fc4 W cpu_eth_init
c3e29fc4 t __def_eth_init
c3e29fcc T eth_parse_enetaddr
c3e2a028 T eth_getenv_enetaddr
c3e2a048 T eth_setenv_enetaddr
c3e2a080 T eth_getenv_enetaddr_by_index
c3e2a0c8 T eth_get_dev
c3e2a0d8 T eth_get_dev_by_name
c3e2a12c T eth_get_dev_by_index
c3e2a178 T eth_get_dev_index
c3e2a1c8 T eth_register
c3e2a254 T eth_initialize
c3e2a510 T eth_halt
c3e2a540 T eth_send
c3e2a578 T eth_rx
c3e2a5a4 T eth_try_another
c3e2a654 T eth_init
c3e2a71c T eth_set_current
c3e2a7bc T eth_get_name
c3e2a7dc t startAgainTimeout
c3e2a7f0 t startAgainHandler
c3e2a7f4 t NetCopyIP
c3e2a7fc t NetReadIP
c3e2a818 t PingHandler
c3e2a840 t PingTimeout
c3e2a85c t getenv_IPaddr
c3e2a86c T NetSetHandler
c3e2a87c T NetSetTimeout
c3e2a8ac T NetStartAgain
c3e2a9b4 T NetSendPacket
c3e2a9b8 T NetCksum
c3e2a9ec T NetCksumOk
c3e2aa0c T NetEthHdrSize
c3e2aa48 T NetSetEther
c3e2aae8 T NetReceive
c3e2afb0 T ArpRequest
c3e2b0ac T ArpTimeoutCheck
c3e2b11c T PingSend
c3e2b254 T NetSetIP
c3e2b34c T NetSendUDPPacket
c3e2b48c T copy_filename
c3e2b4d0 T random_port
c3e2b4ec T ip_to_string
c3e2b520 T VLAN_to_string
c3e2b56c T string_to_VLAN
c3e2b5b8 T getenv_VLAN
c3e2b5c8 T NetLoop
c3e2b994 t __fswab32
c3e2b99c t basename
c3e2b9dc t rpc_add_credentials
c3e2bab0 t rpc_lookup_reply
c3e2bb50 t rpc_req
c3e2bc4c t rpc_lookup_req
c3e2bcac t nfs_mount_req
c3e2bd40 t nfs_umountall_req
c3e2bd98 t nfs_lookup_req
c3e2be40 t nfs_read_req
c3e2bec0 t nfs_readlink_req
c3e2bf18 t NfsSend
c3e2bfac t NfsTimeout
c3e2c004 t NfsHandler
c3e2c4fc T NfsStart
c3e2c728 t TftpSend
c3e2c8c4 t TftpTimeout
c3e2c928 t TftpHandler
c3e2cc04 T TftpStart
c3e2cee0 T raise
c3e2cee8 T __aeabi_unwind_cpp_pr0
c3e2ceec T __udivsi3
c3e2ceec t .udivsi3_skip_div0_test
c3e2ceec t __aeabi_uidiv
c3e2d0d8 t __aeabi_uidivmod
c3e2d0f8 T __divsi3
c3e2d0f8 t __aeabi_idiv
c3e2d100 t .divsi3_skip_div0_test
c3e2d318 t __aeabi_idivmod
c3e2d338 T __lshrdi3
c3e2d338 t __aeabi_llsr
c3e2d354 T __ashrdi3
c3e2d354 t __aeabi_lasr
c3e2d370 T __ashldi3
c3e2d370 t __aeabi_llsl
c3e2d38c t __aeabi_uldivmod
c3e2d3c8 t __aeabi_idiv0
c3e2d3c8 t __aeabi_ldiv0
c3e2d3d8 T __gnu_ldivmod_helper
c3e2d414 t __gnu_uldivmod_helper
c3e2d450 t __divdi3
c3e2d8d0 t __udivdi3
c3e2dcdc R version_string
c3e2dd14 r C.0.3583
c3e2dd94 r boot_os
c3e2ddf0 r __func__.2831
c3e2de00 r __func__.2797
c3e2de10 r CSWTCH.15
c3e2de68 r __func__.2622
c3e2de78 r __func__.2629
c3e2de84 r CSWTCH.13
c3e2dea4 r block_drvr
c3e2deb4 r __func__.3174
c3e2dec8 r udivslot
c3e2df08 R config_full
c3e2df14 R config_full_total
c3e2df34 R fboot_string_desc3
c3e2df50 R fboot_string_desc2
c3e2df68 R fboot_string_desc1
c3e2df80 R dnw_string_desc2
c3e2dfac R dnw_string_desc1
c3e2dfc4 R string_desc0
c3e2dfc8 R qualifier_desc
c3e2dfd4 R config_high
c3e2dfe0 R config_high_total
c3e2e000 R fboot_qualifier_desc
c3e2e00c r filesystems
c3e2e024 r crc16_tab
c3e2e224 r crc_table
c3e2e624 r names.2578
c3e2e62c R hex_asc
c3e2e640 r digits.2564
c3e2e650 r lext.2866
c3e2e690 r lbase.2865
c3e2e6d0 r dext.2868
c3e2e710 r dbase.2867
c3e2e750 r lenfix
c3e2ef50 r distfix
c3e2efd0 r order.2961
c3e2eff8 R z_errmsg
c3e38000 R mmu_table
c3e3c020 D second_boot_info
c3e3c024 D s5p_cpu_id
c3e3c028 D init_sequence
c3e3c048 D nr_dram_banks
c3e3c04c D load_addr
c3e3c050 d cmd_bootm_sub
c3e3c0f8 d interface
c3e3c114 d static_pcount
c3e3c118 D op_table
c3e3c180 d do_echo
c3e3c184 D dp_last_length
c3e3c188 d cmd_env_sub
c3e3c260 d env_id
c3e3c264 d av_
c3e3c66c d sbrk_base
c3e3c670 d trim_threshold
c3e3c674 d mmap_threshold
c3e3c678 D env_name_spec
c3e3c67c D default_environment
c3e3c774 D default_environment_size
c3e3c778 d reserved_list
c3e3c7fc d uimage_os
c3e3c868 d uimage_arch
c3e3c94c d uimage_type
c3e3c9dc d uimage_comp
c3e3ca24 d erase_seq
c3e3ca28 d tab_seq
c3e3ca34 d hist_cur
c3e3ca38 D stdio_names
c3e3ca44 d cur_dev_num
c3e3ca48 D fbase
c3e3ca58 D multipliers
c3e3ca98 D s5p_serial0_device
c3e3cad0 D s5p_serial1_device
c3e3cb08 D s5p_serial2_device
c3e3cb40 D s5p_serial3_device
c3e3cb78 D test_pkt
c3e3cbb0 D ptable_default
c3e3ccc8 D ptable_default_size
c3e3ccd0 D indir1_blkno
c3e3ccd4 D indir2_blkno
c3e3ccd8 d cur_part
c3e3ccdc D file_cwd
c3e3cedc d current_filesystem
c3e3cee0 D _ctype
c3e3cfe0 D NetOurVLAN
c3e3cfe2 D NetOurNativeVLAN
c3e3cfe4 D NetBcastAddr
c3e3cfec d nfs_offset
c3e3cff0 d TftpTimeoutMSecs
c3e3cff4 d TftpBlkSizeOption
c3e3cff8 d TftpTimeoutCountMax
c3e3cffc d TftpBlkSize
c3e3d000 D TftpRRQTimeoutCountMax
c3e3d004 D TftpRRQTimeoutMSecs
c3e3d014 A __u_boot_cmd_start
c3e3d014 D __u_boot_cmd_bdinfo
c3e3d02c D __u_boot_cmd_go
c3e3d044 D __u_boot_cmd_reset
c3e3d05c D __u_boot_cmd_bootm
c3e3d074 D __u_boot_cmd_boot
c3e3d08c D __u_boot_cmd_bootd
c3e3d0a4 D __u_boot_cmd_iminfo
c3e3d0bc D __u_boot_cmd_icache
c3e3d0d4 D __u_boot_cmd_dcache
c3e3d0ec D __u_boot_cmd_coninfo
c3e3d104 D __u_boot_cmd_echo
c3e3d11c D __u_boot_cmd_bootelf
c3e3d134 D __u_boot_cmd_bootvx
c3e3d14c D __u_boot_cmd_exit
c3e3d164 D __u_boot_cmd_ext2ls
c3e3d17c D __u_boot_cmd_ext2load
c3e3d194 D __u_boot_cmd_ext2format
c3e3d1ac D __u_boot_cmd_ext3format
c3e3d1c4 D __u_boot_cmd_fastboot
c3e3d1dc D __u_boot_cmd_fatload
c3e3d1f4 D __u_boot_cmd_fatls
c3e3d20c D __u_boot_cmd_fatinfo
c3e3d224 D __u_boot_cmd_fatformat
c3e3d23c D __u_boot_cmd_help
c3e3d254 D __u_boot_cmd_question_mark
c3e3d26c D __u_boot_cmd_itest
c3e3d284 D __u_boot_cmd_loads
c3e3d29c D __u_boot_cmd_loadb
c3e3d2b4 D __u_boot_cmd_loady
c3e3d2cc D __u_boot_cmd_md
c3e3d2e4 D __u_boot_cmd_mm
c3e3d2fc D __u_boot_cmd_nm
c3e3d314 D __u_boot_cmd_mw
c3e3d32c D __u_boot_cmd_cp
c3e3d344 D __u_boot_cmd_cmp
c3e3d35c D __u_boot_cmd_crc32
c3e3d374 D __u_boot_cmd_base
c3e3d38c D __u_boot_cmd_loop
c3e3d3a4 D __u_boot_cmd_mtest
c3e3d3bc D __u_boot_cmd_sleep
c3e3d3d4 D __u_boot_cmd_mmcinfo
c3e3d3ec D __u_boot_cmd_emmc
c3e3d404 D __u_boot_cmd_mmc
c3e3d41c D __u_boot_cmd_fdisk
c3e3d434 D __u_boot_cmd_movi
c3e3d44c D __u_boot_cmd_chpart
c3e3d464 D __u_boot_cmd_mtdparts
c3e3d47c D __u_boot_cmd_bootp
c3e3d494 D __u_boot_cmd_tftpboot
c3e3d4ac D __u_boot_cmd_nfs
c3e3d4c4 D __u_boot_cmd_ping
c3e3d4dc D __u_boot_cmd_saveenv
c3e3d4f4 D __u_boot_cmd_env
c3e3d50c D __u_boot_cmd_editenv
c3e3d524 D __u_boot_cmd_printenv
c3e3d53c D __u_boot_cmd_setenv
c3e3d554 D __u_boot_cmd_run
c3e3d56c D __u_boot_cmd_reginfo
c3e3d584 D __u_boot_cmd_source
c3e3d59c D __u_boot_cmd_test
c3e3d5b4 D __u_boot_cmd_false
c3e3d5cc D __u_boot_cmd_true
c3e3d5e4 D __u_boot_cmd_usb
c3e3d5fc D __u_boot_cmd_dnw
c3e3d614 D __u_boot_cmd_version
c3e3d62c D __u_boot_cmd_imxtract
c3e3d644 D __u_boot_cmd_showvar
c3e3d65c A __u_boot_cmd_end
c3e3d65c B OmPin
c3e3d65c B __bss_start
c3e3d65c R __rel_dyn_start
c3e3d660 b GPIO_pBase
c3e3d664 B g_IntCnt
c3e3d668 B raw_area_control
c3e3d864 B get_uart_clk
c3e3d868 B get_pwm_clk
c3e3d86c B get_arm_clk
c3e3d870 B get_pll_clk
c3e3d878 b count_value
c3e3d87c b lastdec
c3e3d880 b timestamp
c3e3d888 B monitor_flash_len
c3e3d88c b params
c3e3d890 b images
c3e3d9c0 b download_size
c3e3d9c4 b download_bytes
c3e3d9c8 b download_error
c3e3d9cc b pcount
c3e3d9d0 b ptable
c3e3dc50 b gflag_reboot
c3e3dc58 b os_data_state
c3e3dc5c b os_data_addr
c3e3dc60 b bin_start_address
c3e3dc64 B his_pad_count
c3e3dc68 B his_pad_char
c3e3dc6c b a_b
c3e3dc84 B his_eol
c3e3dc88 b k_data_escape
c3e3dc8c B os_data_init
c3e3dc90 b k_data_escape_saved
c3e3dc94 b os_data_state_saved
c3e3dc98 b os_data_addr_saved
c3e3dc9c B os_data_char
c3e3dca0 B his_quote
c3e3dca4 B send_ptr
c3e3dca8 B send_parms
c3e3dcbc b base_address
c3e3dcc0 B mm_last_addr
c3e3dcc4 B mm_last_size
c3e3dcc8 B dp_last_addr
c3e3dccc B dp_last_size
c3e3dcd0 B current_mtd_dev
c3e3dcd4 B devices
c3e3dcdc B current_mtd_partnum
c3e3dce0 b last_partition
c3e3dcf0 b last_parts
c3e3def0 B mtdids
c3e3def8 b initialized.3303
c3e3defc b last_ids
c3e3df7c b ctrlc_disabled
c3e3df80 b ctrlc_was_pressed
c3e3df84 B mem_malloc_brk
c3e3df88 B mem_malloc_start
c3e3df8c B mem_malloc_end
c3e3df90 b current_mallinfo
c3e3dfb8 b top_pad
c3e3dfbc b max_sbrked_mem
c3e3dfc0 b max_total_mem
c3e3dfc4 b n_mmaps_max
c3e3dfc8 B env_ptr
c3e3dfcc b top_vars
c3e3dfd0 b flag_repeat
c3e3dfd4 b do_repeat
c3e3dfd8 b the_command.2739
c3e3e0d8 b buf.2943
c3e3e100 B last_return_code
c3e3e104 b local.2723
c3e3e11c b map
c3e3e21c b ifs
c3e3e220 B nesting_level
c3e3e224 b initted.2730
c3e3e228 b hist_max
c3e3e22c b hist_add_idx
c3e3e230 B hist_num
c3e3e234 B hist_lines
c3e3f648 B hist_list
c3e3f698 B console_buffer
c3e3f79c b serial_devices
c3e3f7a0 b serial_current
c3e3f7a4 b devs
c3e3f7e0 B stdio_devices
c3e3f7ec B usb_started
c3e3f7f0 b asynch_allowed
c3e3f7f4 b usb_hub_index
c3e3f7f8 b setup_packet
c3e3f800 b usb_dev
c3e43924 R __dynsym_start
c3e43924 R __rel_dyn_end
c3e4a100 b dev_index
c3e4a104 b hub_dev
c3e4a204 b running
c3e4a208 b xyz
c3e4a648 b mmc_devices
c3e4a650 B mmc_channel
c3e4abc8 B mmc_host
c3e4ace0 b idmac_desc
c3f4ace0 B mshc_channel
c3f4b258 B mshc_host
c3f4b370 B mtd_table
c3f4b3f0 b onenand
c3f4b3f4 B otg
c3f4b478 B speed
c3f4b47c B is_fastboot
c3f4b480 b device_strings
c3f4b498 b serial_number.2923
c3f4b4b8 b fastboot_interface
c3f4b4bc B fboot_response_flag
c3f4b4c0 B reply_msg
c3f4b4c4 b fastboot_bulk_fifo
c3f4b6c8 B remode_wakeup
c3f4b6cc B get_status
c3f4b6d2 B config_value
c3f4b6d4 B get_intf
c3f4b6d8 B s3c_usbd_dn_addr
c3f4b6dc B s3c_usbd_dn_cnt
c3f4b6e0 B s3c_receive_done
c3f4b6e4 B op_mode
c3f4b6e8 B transfer_size
c3f4b6ec B s3c_got_header
c3f4b6f0 B DNW
c3f4b700 B ptd
c3f4b704 B urb_priv
c3f4b7d8 b gohci
c3f4b8a0 B ohci_dev
c3f4ba40 B gtd
c3f4cb00 B ghcca
c3f4cc00 B phcca
c3f4cc04 B got_rhsc
c3f4cc08 B devgone
c3f4cd00 B ext2fs_root
c3f4cd04 B indir1_block
c3f4cd08 B indir1_size
c3f4cd0c B indir2_block
c3f4cd10 B indir2_size
c3f4cd14 B symlinknest
c3f4cd18 B ext2fs_file
c3f4cd1c b ext2fs_block_dev_desc
c3f4cd20 b part_info
c3f4cd6c b cur_dev
c3f4cd70 b part_offset
c3f4cd74 B get_vfatname_block
c3f5cd74 B do_fat_read_block
c3f6cd74 B get_dentfromdir_block
c3f7cd74 B errno
c3f7cd78 b htab
c3f7cd84 B ___strtok
c3f7cd88 B BootpID
c3f7cd8c B BootpTry
c3f7cd90 b eth_current
c3f7cd94 b eth_devices
c3f7cd98 b first_failed.2618
c3f7cd9c b act.2624
c3f7cda0 b env_changed_id.2625
c3f7cda4 B NetState
c3f7cda8 B NetPingIP
c3f7cdac b packetHandler
c3f7cdb0 b timeHandler
c3f7cdb4 b timeStart
c3f7cdb8 b timeDelta
c3f7cdbc b NetTryCount
c3f7cdc0 b NetRestarted
c3f7cdc4 B NetRestartWrap
c3f7cdc8 b NetDevExists
c3f7cdcc B NetOurEther
c3f7cdd4 B NetRxPacket
c3f7cdd8 B NetRxPacketLen
c3f7cddc B NetOurIP
c3f7cde0 B NetArpWaitPacketIP
c3f7cde4 B NetArpWaitPacketMAC
c3f7cde8 B NetArpWaitReplyIP
c3f7cdec B NetArpWaitTxPacket
c3f7cdf0 B NetArpWaitTxPacketSize
c3f7cdf4 B NetTxPacket
c3f7cdf8 B NetOurSubnetMask
c3f7cdfc B NetOurGatewayIP
c3f7ce00 B NetArpWaitTimerStart
c3f7ce04 B NetArpWaitTry
c3f7ce08 b mac.2649
c3f7ce10 B NetEtherNullAddr
c3f7ce18 B NetIPID
c3f7ce1c b PingSeqNo
c3f7ce20 B PktBuf
c3f7ec40 B NetRxPackets
c3f7ec50 B NetArpWaitPacketBuf
c3f7f270 b env_changed_id.2583
c3f7f274 B NetServerIP
c3f7f278 B NetBootFileXferSize
c3f7f27c B NetOurDNSIP
c3f7f280 B NetOurNISDomain
c3f7f2a0 B NetOurHostName
c3f7f2c0 B NetOurRootPath
c3f7f300 B NetBootFileSize
c3f7f304 B NetServerEther
c3f7f30c B BootFile
c3f7f38c b rpc_id
c3f7f390 b NfsSrvMountPort
c3f7f394 b NfsSrvNfsPort
c3f7f398 b NfsServerIP
c3f7f39c b NfsOurPort
c3f7f3a0 b fs_mounted
c3f7f3a4 b dirfh
c3f7f3c4 b filefh
c3f7f3e4 b NfsState
c3f7f3e8 b nfs_path
c3f7f3ec b nfs_filename
c3f7f3f0 b nfs_len
c3f7f3f4 b NfsTimeoutCount
c3f7f3f8 b NfsDownloadState
c3f7f3fc b nfs_path_buff
c3f7fbfc b default_filename
c3f7fc3c b TftpState
c3f7fc40 b tftp_filename
c3f7fcc0 b TftpBlock
c3f7fcc4 b TftpServerIP
c3f7fcc8 b TftpServerPort
c3f7fccc b TftpOurPort
c3f7fcd0 b TftpTimeoutCount
c3f7fcd4 b TftpBlockWrap
c3f7fcd8 b TftpBlockWrapOffset
c3f7fcdc b TftpLastBlock
c3f7fce0 b default_filename
c3f7fcf0 B _end
